// Jest Snapshot v1, https://goo.gl/fbAQLP

exports[`filetree should work 1`] = `
"<div>
    <table>
        <tbody>
            <tr>
                <td class=\\"filetree\\"><button>open folders</button>
                    <ul>
                        <li><a href=\\"#\\" class=\\"folder\\" data-name=\\"src\\">üìÅ src</a></li>
                        <li><a href=\\"#\\" class=\\"file\\">package.json</a></li>
                        <li><a href=\\"#\\" class=\\"file\\">yarn.lock</a></li>
                    </ul>
                </td>
                <td class=\\"editor\\"></td>
            </tr>
        </tbody>
    </table>
</div>"
`;
